// Jest Snapshot v1, https://goo.gl/fbAQLP

exports[`webRTCStats webRTCStats should match the snapshot 1`] = `
WebRTCStats {
  "_events": {},
  "_eventsCount": 0,
  "_maxListeners": undefined,
  "start": [Function],
  "stop": [Function],
  Symbol(shapeMode): false,
  Symbol(kCapture): false,
}
`;
